✔ Simulator initialized
CSV: /pfs/data6/home/ul/ul_progcom/ul_kfo10/blockchain-sim-tse-2026/trilemma/org.palladiosimulator.blockchainsystems.trilemma/optimized_deterministic_lhs_configurations.csv
testmodels/: /pfs/data6/home/ul/ul_progcom/ul_kfo10/blockchain-sim-tse-2026/trilemma/org.palladiosimulator.blockchainsystems.trilemma/testmodels
Base config: /pfs/data6/home/ul/ul_progcom/ul_kfo10/blockchain-sim-tse-2026/trilemma/org.palladiosimulator.blockchainsystems.trilemma/testmodels/configuration.json

▶ Run 1 | config_id=64
   Using model: /pfs/data6/home/ul/ul_progcom/ul_kfo10/blockchain-sim-tse-2026/trilemma/org.palladiosimulator.blockchainsystems.trilemma/testmodels/threesim-64/Net.blockchainsystem
   Monte-Carlo rounds = 500
simulation started with 500 round(s)
Selfish mining attack Montecarlo Simulation result: {"attackerWonRounds":0,"systemWonRounds":0,"unambiguousRounds":2,"roundResults":["Unambiguous","Unambiguous"]}
✔ Result saved: /pfs/data6/home/ul/ul_progcom/ul_kfo10/blockchain-sim-tse-2026/trilemma/result_selfishmining/result_run_1.json

▶ Run 2 | config_id=65
   Using model: /pfs/data6/home/ul/ul_progcom/ul_kfo10/blockchain-sim-tse-2026/trilemma/org.palladiosimulator.blockchainsystems.trilemma/testmodels/threesim-65/Net.blockchainsystem
   Monte-Carlo rounds = 500
simulation started with 500 round(s)
simulation stopped because there is no attacker
Selfish mining attack Montecarlo Simulation result: {"attackerWonRounds":0,"systemWonRounds":0,"unambiguousRounds":500,"roundResults":[]}
✔ Result saved: /pfs/data6/home/ul/ul_progcom/ul_kfo10/blockchain-sim-tse-2026/trilemma/result_selfishmining/result_run_2.json

▶ Run 3 | config_id=66
   Using model: /pfs/data6/home/ul/ul_progcom/ul_kfo10/blockchain-sim-tse-2026/trilemma/org.palladiosimulator.blockchainsystems.trilemma/testmodels/threesim-66/Net.blockchainsystem
   Monte-Carlo rounds = 500
simulation started with 500 round(s)
Selfish mining attack Montecarlo Simulation result: {"attackerWonRounds":0,"systemWonRounds":0,"unambiguousRounds":0,"roundResults":[]}
✔ Result saved: /pfs/data6/home/ul/ul_progcom/ul_kfo10/blockchain-sim-tse-2026/trilemma/result_selfishmining/result_run_3.json

▶ Run 4 | config_id=67
   Using model: /pfs/data6/home/ul/ul_progcom/ul_kfo10/blockchain-sim-tse-2026/trilemma/org.palladiosimulator.blockchainsystems.trilemma/testmodels/threesim-67/Net.blockchainsystem
   Monte-Carlo rounds = 500
simulation started with 500 round(s)
Selfish mining attack Montecarlo Simulation result: {"attackerWonRounds":0,"systemWonRounds":0,"unambiguousRounds":0,"roundResults":[]}
✔ Result saved: /pfs/data6/home/ul/ul_progcom/ul_kfo10/blockchain-sim-tse-2026/trilemma/result_selfishmining/result_run_4.json

▶ Run 5 | config_id=68
   Using model: /pfs/data6/home/ul/ul_progcom/ul_kfo10/blockchain-sim-tse-2026/trilemma/org.palladiosimulator.blockchainsystems.trilemma/testmodels/threesim-68/Net.blockchainsystem
   Monte-Carlo rounds = 500
simulation started with 500 round(s)
Selfish mining attack Montecarlo Simulation result: {"attackerWonRounds":0,"systemWonRounds":0,"unambiguousRounds":0,"roundResults":[]}
✔ Result saved: /pfs/data6/home/ul/ul_progcom/ul_kfo10/blockchain-sim-tse-2026/trilemma/result_selfishmining/result_run_5.json

▶ Run 6 | config_id=69
   Using model: /pfs/data6/home/ul/ul_progcom/ul_kfo10/blockchain-sim-tse-2026/trilemma/org.palladiosimulator.blockchainsystems.trilemma/testmodels/threesim-69/Net.blockchainsystem
   Monte-Carlo rounds = 500
simulation started with 500 round(s)
Selfish mining attack Montecarlo Simulation result: {"attackerWonRounds":0,"systemWonRounds":0,"unambiguousRounds":0,"roundResults":[]}
✔ Result saved: /pfs/data6/home/ul/ul_progcom/ul_kfo10/blockchain-sim-tse-2026/trilemma/result_selfishmining/result_run_6.json

▶ Run 7 | config_id=70
   Using model: /pfs/data6/home/ul/ul_progcom/ul_kfo10/blockchain-sim-tse-2026/trilemma/org.palladiosimulator.blockchainsystems.trilemma/testmodels/threesim-70/Net.blockchainsystem
   Monte-Carlo rounds = 500
simulation started with 500 round(s)
Selfish mining attack Montecarlo Simulation result: {"attackerWonRounds":0,"systemWonRounds":0,"unambiguousRounds":23,"roundResults":["Unambiguous","Unambiguous","Unambiguous","Unambiguous","Unambiguous","Unambiguous","Unambiguous","Unambiguous","Unambiguous","Unambiguous","Unambiguous","Unambiguous","Unambiguous","Unambiguous","Unambiguous","Unambiguous","Unambiguous","Unambiguous","Unambiguous","Unambiguous","Unambiguous","Unambiguous","Unambiguous"]}
✔ Result saved: /pfs/data6/home/ul/ul_progcom/ul_kfo10/blockchain-sim-tse-2026/trilemma/result_selfishmining/result_run_7.json

▶ Run 8 | config_id=71
   Using model: /pfs/data6/home/ul/ul_progcom/ul_kfo10/blockchain-sim-tse-2026/trilemma/org.palladiosimulator.blockchainsystems.trilemma/testmodels/threesim-71/Net.blockchainsystem
   Monte-Carlo rounds = 500
simulation started with 500 round(s)
Selfish mining attack Montecarlo Simulation result: {"attackerWonRounds":0,"systemWonRounds":0,"unambiguousRounds":0,"roundResults":[]}
✔ Result saved: /pfs/data6/home/ul/ul_progcom/ul_kfo10/blockchain-sim-tse-2026/trilemma/result_selfishmining/result_run_8.json

▶ Run 9 | config_id=72
   Using model: /pfs/data6/home/ul/ul_progcom/ul_kfo10/blockchain-sim-tse-2026/trilemma/org.palladiosimulator.blockchainsystems.trilemma/testmodels/threesim-72/Net.blockchainsystem
   Monte-Carlo rounds = 500
simulation started with 500 round(s)
Selfish mining attack Montecarlo Simulation result: {"attackerWonRounds":0,"systemWonRounds":0,"unambiguousRounds":0,"roundResults":[]}
✔ Result saved: /pfs/data6/home/ul/ul_progcom/ul_kfo10/blockchain-sim-tse-2026/trilemma/result_selfishmining/result_run_9.json

▶ Run 10 | config_id=73
   Using model: /pfs/data6/home/ul/ul_progcom/ul_kfo10/blockchain-sim-tse-2026/trilemma/org.palladiosimulator.blockchainsystems.trilemma/testmodels/threesim-73/Net.blockchainsystem
   Monte-Carlo rounds = 500
simulation started with 500 round(s)
Selfish mining attack Montecarlo Simulation result: {"attackerWonRounds":0,"systemWonRounds":0,"unambiguousRounds":0,"roundResults":[]}
✔ Result saved: /pfs/data6/home/ul/ul_progcom/ul_kfo10/blockchain-sim-tse-2026/trilemma/result_selfishmining/result_run_10.json

▶ Run 11 | config_id=74
   Using model: /pfs/data6/home/ul/ul_progcom/ul_kfo10/blockchain-sim-tse-2026/trilemma/org.palladiosimulator.blockchainsystems.trilemma/testmodels/threesim-74/Net.blockchainsystem
   Monte-Carlo rounds = 500
simulation started with 500 round(s)
simulation stopped because there is no attacker
Selfish mining attack Montecarlo Simulation result: {"attackerWonRounds":0,"systemWonRounds":0,"unambiguousRounds":500,"roundResults":[]}
✔ Result saved: /pfs/data6/home/ul/ul_progcom/ul_kfo10/blockchain-sim-tse-2026/trilemma/result_selfishmining/result_run_11.json

▶ Run 12 | config_id=75
   Using model: /pfs/data6/home/ul/ul_progcom/ul_kfo10/blockchain-sim-tse-2026/trilemma/org.palladiosimulator.blockchainsystems.trilemma/testmodels/threesim-75/Net.blockchainsystem
   Monte-Carlo rounds = 500
simulation started with 500 round(s)
Selfish mining attack Montecarlo Simulation result: {"attackerWonRounds":0,"systemWonRounds":0,"unambiguousRounds":0,"roundResults":[]}
✔ Result saved: /pfs/data6/home/ul/ul_progcom/ul_kfo10/blockchain-sim-tse-2026/trilemma/result_selfishmining/result_run_12.json

▶ Run 13 | config_id=76
   Using model: /pfs/data6/home/ul/ul_progcom/ul_kfo10/blockchain-sim-tse-2026/trilemma/org.palladiosimulator.blockchainsystems.trilemma/testmodels/threesim-76/Net.blockchainsystem
   Monte-Carlo rounds = 500
simulation started with 500 round(s)
Selfish mining attack Montecarlo Simulation result: {"attackerWonRounds":0,"systemWonRounds":0,"unambiguousRounds":0,"roundResults":[]}
✔ Result saved: /pfs/data6/home/ul/ul_progcom/ul_kfo10/blockchain-sim-tse-2026/trilemma/result_selfishmining/result_run_13.json

▶ Run 14 | config_id=77
   Using model: /pfs/data6/home/ul/ul_progcom/ul_kfo10/blockchain-sim-tse-2026/trilemma/org.palladiosimulator.blockchainsystems.trilemma/testmodels/threesim-77/Net.blockchainsystem
   Monte-Carlo rounds = 500
simulation started with 500 round(s)
Selfish mining attack Montecarlo Simulation result: {"attackerWonRounds":0,"systemWonRounds":0,"unambiguousRounds":0,"roundResults":[]}
✔ Result saved: /pfs/data6/home/ul/ul_progcom/ul_kfo10/blockchain-sim-tse-2026/trilemma/result_selfishmining/result_run_14.json

▶ Run 15 | config_id=78
   Using model: /pfs/data6/home/ul/ul_progcom/ul_kfo10/blockchain-sim-tse-2026/trilemma/org.palladiosimulator.blockchainsystems.trilemma/testmodels/threesim-78/Net.blockchainsystem
   Monte-Carlo rounds = 500
simulation started with 500 round(s)
simulation stopped because there is no attacker
Selfish mining attack Montecarlo Simulation result: {"attackerWonRounds":0,"systemWonRounds":0,"unambiguousRounds":500,"roundResults":[]}
✔ Result saved: /pfs/data6/home/ul/ul_progcom/ul_kfo10/blockchain-sim-tse-2026/trilemma/result_selfishmining/result_run_15.json

▶ Run 16 | config_id=79
   Using model: /pfs/data6/home/ul/ul_progcom/ul_kfo10/blockchain-sim-tse-2026/trilemma/org.palladiosimulator.blockchainsystems.trilemma/testmodels/threesim-79/Net.blockchainsystem
   Monte-Carlo rounds = 500
simulation started with 500 round(s)
Selfish mining attack Montecarlo Simulation result: {"attackerWonRounds":0,"systemWonRounds":0,"unambiguousRounds":0,"roundResults":[]}
✔ Result saved: /pfs/data6/home/ul/ul_progcom/ul_kfo10/blockchain-sim-tse-2026/trilemma/result_selfishmining/result_run_16.json

▶ Run 17 | config_id=80
   Using model: /pfs/data6/home/ul/ul_progcom/ul_kfo10/blockchain-sim-tse-2026/trilemma/org.palladiosimulator.blockchainsystems.trilemma/testmodels/threesim-80/Net.blockchainsystem
   Monte-Carlo rounds = 500
simulation started with 500 round(s)
Selfish mining attack Montecarlo Simulation result: {"attackerWonRounds":0,"systemWonRounds":0,"unambiguousRounds":0,"roundResults":[]}
✔ Result saved: /pfs/data6/home/ul/ul_progcom/ul_kfo10/blockchain-sim-tse-2026/trilemma/result_selfishmining/result_run_17.json

▶ Run 18 | config_id=81
   Using model: /pfs/data6/home/ul/ul_progcom/ul_kfo10/blockchain-sim-tse-2026/trilemma/org.palladiosimulator.blockchainsystems.trilemma/testmodels/threesim-81/Net.blockchainsystem
   Monte-Carlo rounds = 500
simulation started with 500 round(s)
simulation stopped because there is no attacker
Selfish mining attack Montecarlo Simulation result: {"attackerWonRounds":0,"systemWonRounds":0,"unambiguousRounds":500,"roundResults":[]}
✔ Result saved: /pfs/data6/home/ul/ul_progcom/ul_kfo10/blockchain-sim-tse-2026/trilemma/result_selfishmining/result_run_18.json

▶ Run 19 | config_id=82
   Using model: /pfs/data6/home/ul/ul_progcom/ul_kfo10/blockchain-sim-tse-2026/trilemma/org.palladiosimulator.blockchainsystems.trilemma/testmodels/threesim-82/Net.blockchainsystem
   Monte-Carlo rounds = 500
simulation started with 500 round(s)
Selfish mining attack Montecarlo Simulation result: {"attackerWonRounds":0,"systemWonRounds":0,"unambiguousRounds":0,"roundResults":[]}
✔ Result saved: /pfs/data6/home/ul/ul_progcom/ul_kfo10/blockchain-sim-tse-2026/trilemma/result_selfishmining/result_run_19.json

▶ Run 20 | config_id=83
   Using model: /pfs/data6/home/ul/ul_progcom/ul_kfo10/blockchain-sim-tse-2026/trilemma/org.palladiosimulator.blockchainsystems.trilemma/testmodels/threesim-83/Net.blockchainsystem
   Monte-Carlo rounds = 500
simulation started with 500 round(s)
Selfish mining attack Montecarlo Simulation result: {"attackerWonRounds":0,"systemWonRounds":0,"unambiguousRounds":0,"roundResults":[]}
✔ Result saved: /pfs/data6/home/ul/ul_progcom/ul_kfo10/blockchain-sim-tse-2026/trilemma/result_selfishmining/result_run_20.json

▶ Run 21 | config_id=84
   Using model: /pfs/data6/home/ul/ul_progcom/ul_kfo10/blockchain-sim-tse-2026/trilemma/org.palladiosimulator.blockchainsystems.trilemma/testmodels/threesim-84/Net.blockchainsystem
   Monte-Carlo rounds = 500
simulation started with 500 round(s)
Selfish mining attack Montecarlo Simulation result: {"attackerWonRounds":0,"systemWonRounds":0,"unambiguousRounds":0,"roundResults":[]}
✔ Result saved: /pfs/data6/home/ul/ul_progcom/ul_kfo10/blockchain-sim-tse-2026/trilemma/result_selfishmining/result_run_21.json

▶ Run 22 | config_id=85
   Using model: /pfs/data6/home/ul/ul_progcom/ul_kfo10/blockchain-sim-tse-2026/trilemma/org.palladiosimulator.blockchainsystems.trilemma/testmodels/threesim-85/Net.blockchainsystem
   Monte-Carlo rounds = 500
simulation started with 500 round(s)
Selfish mining attack Montecarlo Simulation result: {"attackerWonRounds":0,"systemWonRounds":0,"unambiguousRounds":0,"roundResults":[]}
✔ Result saved: /pfs/data6/home/ul/ul_progcom/ul_kfo10/blockchain-sim-tse-2026/trilemma/result_selfishmining/result_run_22.json

▶ Run 23 | config_id=86
   Using model: /pfs/data6/home/ul/ul_progcom/ul_kfo10/blockchain-sim-tse-2026/trilemma/org.palladiosimulator.blockchainsystems.trilemma/testmodels/threesim-86/Net.blockchainsystem
   Monte-Carlo rounds = 500
simulation started with 500 round(s)
Selfish mining attack Montecarlo Simulation result: {"attackerWonRounds":0,"systemWonRounds":0,"unambiguousRounds":0,"roundResults":[]}
✔ Result saved: /pfs/data6/home/ul/ul_progcom/ul_kfo10/blockchain-sim-tse-2026/trilemma/result_selfishmining/result_run_23.json

▶ Run 24 | config_id=87
   Using model: /pfs/data6/home/ul/ul_progcom/ul_kfo10/blockchain-sim-tse-2026/trilemma/org.palladiosimulator.blockchainsystems.trilemma/testmodels/threesim-87/Net.blockchainsystem
   Monte-Carlo rounds = 500
simulation started with 500 round(s)
Selfish mining attack Montecarlo Simulation result: {"attackerWonRounds":0,"systemWonRounds":0,"unambiguousRounds":0,"roundResults":[]}
✔ Result saved: /pfs/data6/home/ul/ul_progcom/ul_kfo10/blockchain-sim-tse-2026/trilemma/result_selfishmining/result_run_24.json

▶ Run 25 | config_id=88
   Using model: /pfs/data6/home/ul/ul_progcom/ul_kfo10/blockchain-sim-tse-2026/trilemma/org.palladiosimulator.blockchainsystems.trilemma/testmodels/threesim-88/Net.blockchainsystem
   Monte-Carlo rounds = 500
simulation started with 500 round(s)
Selfish mining attack Montecarlo Simulation result: {"attackerWonRounds":0,"systemWonRounds":0,"unambiguousRounds":0,"roundResults":[]}
✔ Result saved: /pfs/data6/home/ul/ul_progcom/ul_kfo10/blockchain-sim-tse-2026/trilemma/result_selfishmining/result_run_25.json

▶ Run 26 | config_id=89
   Using model: /pfs/data6/home/ul/ul_progcom/ul_kfo10/blockchain-sim-tse-2026/trilemma/org.palladiosimulator.blockchainsystems.trilemma/testmodels/threesim-89/Net.blockchainsystem
   Monte-Carlo rounds = 500
simulation started with 500 round(s)
Selfish mining attack Montecarlo Simulation result: {"attackerWonRounds":0,"systemWonRounds":0,"unambiguousRounds":0,"roundResults":[]}
✔ Result saved: /pfs/data6/home/ul/ul_progcom/ul_kfo10/blockchain-sim-tse-2026/trilemma/result_selfishmining/result_run_26.json

▶ Run 27 | config_id=90
   Using model: /pfs/data6/home/ul/ul_progcom/ul_kfo10/blockchain-sim-tse-2026/trilemma/org.palladiosimulator.blockchainsystems.trilemma/testmodels/threesim-90/Net.blockchainsystem
   Monte-Carlo rounds = 500
simulation started with 500 round(s)
Selfish mining attack Montecarlo Simulation result: {"attackerWonRounds":0,"systemWonRounds":0,"unambiguousRounds":0,"roundResults":[]}
✔ Result saved: /pfs/data6/home/ul/ul_progcom/ul_kfo10/blockchain-sim-tse-2026/trilemma/result_selfishmining/result_run_27.json

▶ Run 28 | config_id=91
   Using model: /pfs/data6/home/ul/ul_progcom/ul_kfo10/blockchain-sim-tse-2026/trilemma/org.palladiosimulator.blockchainsystems.trilemma/testmodels/threesim-91/Net.blockchainsystem
   Monte-Carlo rounds = 500
simulation started with 500 round(s)
Selfish mining attack Montecarlo Simulation result: {"attackerWonRounds":0,"systemWonRounds":0,"unambiguousRounds":0,"roundResults":[]}
✔ Result saved: /pfs/data6/home/ul/ul_progcom/ul_kfo10/blockchain-sim-tse-2026/trilemma/result_selfishmining/result_run_28.json

▶ Run 29 | config_id=92
   Using model: /pfs/data6/home/ul/ul_progcom/ul_kfo10/blockchain-sim-tse-2026/trilemma/org.palladiosimulator.blockchainsystems.trilemma/testmodels/threesim-92/Net.blockchainsystem
   Monte-Carlo rounds = 500
simulation started with 500 round(s)
Selfish mining attack Montecarlo Simulation result: {"attackerWonRounds":0,"systemWonRounds":0,"unambiguousRounds":0,"roundResults":[]}
✔ Result saved: /pfs/data6/home/ul/ul_progcom/ul_kfo10/blockchain-sim-tse-2026/trilemma/result_selfishmining/result_run_29.json

▶ Run 30 | config_id=93
   Using model: /pfs/data6/home/ul/ul_progcom/ul_kfo10/blockchain-sim-tse-2026/trilemma/org.palladiosimulator.blockchainsystems.trilemma/testmodels/threesim-93/Net.blockchainsystem
   Monte-Carlo rounds = 500
simulation started with 500 round(s)
simulation stopped because there is no attacker
Selfish mining attack Montecarlo Simulation result: {"attackerWonRounds":0,"systemWonRounds":0,"unambiguousRounds":500,"roundResults":[]}
✔ Result saved: /pfs/data6/home/ul/ul_progcom/ul_kfo10/blockchain-sim-tse-2026/trilemma/result_selfishmining/result_run_30.json

▶ Run 31 | config_id=94
   Using model: /pfs/data6/home/ul/ul_progcom/ul_kfo10/blockchain-sim-tse-2026/trilemma/org.palladiosimulator.blockchainsystems.trilemma/testmodels/threesim-94/Net.blockchainsystem
   Monte-Carlo rounds = 500
simulation started with 500 round(s)
simulation stopped because there is no attacker
Selfish mining attack Montecarlo Simulation result: {"attackerWonRounds":0,"systemWonRounds":0,"unambiguousRounds":500,"roundResults":[]}
✔ Result saved: /pfs/data6/home/ul/ul_progcom/ul_kfo10/blockchain-sim-tse-2026/trilemma/result_selfishmining/result_run_31.json

▶ Run 32 | config_id=95
   Using model: /pfs/data6/home/ul/ul_progcom/ul_kfo10/blockchain-sim-tse-2026/trilemma/org.palladiosimulator.blockchainsystems.trilemma/testmodels/threesim-95/Net.blockchainsystem
   Monte-Carlo rounds = 500
simulation started with 500 round(s)
simulation stopped because there is no attacker
Selfish mining attack Montecarlo Simulation result: {"attackerWonRounds":0,"systemWonRounds":0,"unambiguousRounds":500,"roundResults":[]}
✔ Result saved: /pfs/data6/home/ul/ul_progcom/ul_kfo10/blockchain-sim-tse-2026/trilemma/result_selfishmining/result_run_32.json

▶ Run 33 | config_id=96
   Using model: /pfs/data6/home/ul/ul_progcom/ul_kfo10/blockchain-sim-tse-2026/trilemma/org.palladiosimulator.blockchainsystems.trilemma/testmodels/threesim-96/Net.blockchainsystem
   Monte-Carlo rounds = 500
simulation started with 500 round(s)
Selfish mining attack Montecarlo Simulation result: {"attackerWonRounds":0,"systemWonRounds":0,"unambiguousRounds":0,"roundResults":[]}
✔ Result saved: /pfs/data6/home/ul/ul_progcom/ul_kfo10/blockchain-sim-tse-2026/trilemma/result_selfishmining/result_run_33.json

▶ Run 34 | config_id=97
   Using model: /pfs/data6/home/ul/ul_progcom/ul_kfo10/blockchain-sim-tse-2026/trilemma/org.palladiosimulator.blockchainsystems.trilemma/testmodels/threesim-97/Net.blockchainsystem
   Monte-Carlo rounds = 500
simulation started with 500 round(s)
simulation stopped because there is no attacker
Selfish mining attack Montecarlo Simulation result: {"attackerWonRounds":0,"systemWonRounds":0,"unambiguousRounds":500,"roundResults":[]}
✔ Result saved: /pfs/data6/home/ul/ul_progcom/ul_kfo10/blockchain-sim-tse-2026/trilemma/result_selfishmining/result_run_34.json

▶ Run 35 | config_id=98
   Using model: /pfs/data6/home/ul/ul_progcom/ul_kfo10/blockchain-sim-tse-2026/trilemma/org.palladiosimulator.blockchainsystems.trilemma/testmodels/threesim-98/Net.blockchainsystem
   Monte-Carlo rounds = 500
simulation started with 500 round(s)
Selfish mining attack Montecarlo Simulation result: {"attackerWonRounds":0,"systemWonRounds":0,"unambiguousRounds":0,"roundResults":[]}
✔ Result saved: /pfs/data6/home/ul/ul_progcom/ul_kfo10/blockchain-sim-tse-2026/trilemma/result_selfishmining/result_run_35.json

▶ Run 36 | config_id=99
   Using model: /pfs/data6/home/ul/ul_progcom/ul_kfo10/blockchain-sim-tse-2026/trilemma/org.palladiosimulator.blockchainsystems.trilemma/testmodels/threesim-99/Net.blockchainsystem
   Monte-Carlo rounds = 500
simulation started with 500 round(s)
Selfish mining attack Montecarlo Simulation result: {"attackerWonRounds":0,"systemWonRounds":0,"unambiguousRounds":0,"roundResults":[]}
✔ Result saved: /pfs/data6/home/ul/ul_progcom/ul_kfo10/blockchain-sim-tse-2026/trilemma/result_selfishmining/result_run_36.json

▶ Run 37 | config_id=100
   Using model: /pfs/data6/home/ul/ul_progcom/ul_kfo10/blockchain-sim-tse-2026/trilemma/org.palladiosimulator.blockchainsystems.trilemma/testmodels/threesim-100/Net.blockchainsystem
   Monte-Carlo rounds = 500
simulation started with 500 round(s)
Selfish mining attack Montecarlo Simulation result: {"attackerWonRounds":0,"systemWonRounds":0,"unambiguousRounds":0,"roundResults":[]}
✔ Result saved: /pfs/data6/home/ul/ul_progcom/ul_kfo10/blockchain-sim-tse-2026/trilemma/result_selfishmining/result_run_37.json

▶ Run 38 | config_id=101
   Using model: /pfs/data6/home/ul/ul_progcom/ul_kfo10/blockchain-sim-tse-2026/trilemma/org.palladiosimulator.blockchainsystems.trilemma/testmodels/threesim-101/Net.blockchainsystem
   Monte-Carlo rounds = 500
simulation started with 500 round(s)
simulation stopped because there is no attacker
Selfish mining attack Montecarlo Simulation result: {"attackerWonRounds":0,"systemWonRounds":0,"unambiguousRounds":500,"roundResults":[]}
✔ Result saved: /pfs/data6/home/ul/ul_progcom/ul_kfo10/blockchain-sim-tse-2026/trilemma/result_selfishmining/result_run_38.json

▶ Run 39 | config_id=102
   Using model: /pfs/data6/home/ul/ul_progcom/ul_kfo10/blockchain-sim-tse-2026/trilemma/org.palladiosimulator.blockchainsystems.trilemma/testmodels/threesim-102/Net.blockchainsystem
   Monte-Carlo rounds = 500
simulation started with 500 round(s)
Selfish mining attack Montecarlo Simulation result: {"attackerWonRounds":0,"systemWonRounds":0,"unambiguousRounds":0,"roundResults":[]}
✔ Result saved: /pfs/data6/home/ul/ul_progcom/ul_kfo10/blockchain-sim-tse-2026/trilemma/result_selfishmining/result_run_39.json

▶ Run 40 | config_id=103
   Using model: /pfs/data6/home/ul/ul_progcom/ul_kfo10/blockchain-sim-tse-2026/trilemma/org.palladiosimulator.blockchainsystems.trilemma/testmodels/threesim-103/Net.blockchainsystem
   Monte-Carlo rounds = 500
simulation started with 500 round(s)
Selfish mining attack Montecarlo Simulation result: {"attackerWonRounds":0,"systemWonRounds":0,"unambiguousRounds":0,"roundResults":[]}
✔ Result saved: /pfs/data6/home/ul/ul_progcom/ul_kfo10/blockchain-sim-tse-2026/trilemma/result_selfishmining/result_run_40.json

▶ Run 41 | config_id=104
   Using model: /pfs/data6/home/ul/ul_progcom/ul_kfo10/blockchain-sim-tse-2026/trilemma/org.palladiosimulator.blockchainsystems.trilemma/testmodels/threesim-104/Net.blockchainsystem
   Monte-Carlo rounds = 500
simulation started with 500 round(s)
Selfish mining attack Montecarlo Simulation result: {"attackerWonRounds":0,"systemWonRounds":0,"unambiguousRounds":0,"roundResults":[]}
✔ Result saved: /pfs/data6/home/ul/ul_progcom/ul_kfo10/blockchain-sim-tse-2026/trilemma/result_selfishmining/result_run_41.json

▶ Run 42 | config_id=105
   Using model: /pfs/data6/home/ul/ul_progcom/ul_kfo10/blockchain-sim-tse-2026/trilemma/org.palladiosimulator.blockchainsystems.trilemma/testmodels/threesim-105/Net.blockchainsystem
   Monte-Carlo rounds = 500
simulation started with 500 round(s)
Selfish mining attack Montecarlo Simulation result: {"attackerWonRounds":0,"systemWonRounds":0,"unambiguousRounds":0,"roundResults":[]}
✔ Result saved: /pfs/data6/home/ul/ul_progcom/ul_kfo10/blockchain-sim-tse-2026/trilemma/result_selfishmining/result_run_42.json

▶ Run 43 | config_id=106
   Using model: /pfs/data6/home/ul/ul_progcom/ul_kfo10/blockchain-sim-tse-2026/trilemma/org.palladiosimulator.blockchainsystems.trilemma/testmodels/threesim-106/Net.blockchainsystem
   Monte-Carlo rounds = 500
simulation started with 500 round(s)
simulation stopped because there is no attacker
Selfish mining attack Montecarlo Simulation result: {"attackerWonRounds":0,"systemWonRounds":0,"unambiguousRounds":500,"roundResults":[]}
✔ Result saved: /pfs/data6/home/ul/ul_progcom/ul_kfo10/blockchain-sim-tse-2026/trilemma/result_selfishmining/result_run_43.json

▶ Run 44 | config_id=107
   Using model: /pfs/data6/home/ul/ul_progcom/ul_kfo10/blockchain-sim-tse-2026/trilemma/org.palladiosimulator.blockchainsystems.trilemma/testmodels/threesim-107/Net.blockchainsystem
   Monte-Carlo rounds = 500
simulation started with 500 round(s)
simulation stopped because there is no attacker
Selfish mining attack Montecarlo Simulation result: {"attackerWonRounds":0,"systemWonRounds":0,"unambiguousRounds":500,"roundResults":[]}
✔ Result saved: /pfs/data6/home/ul/ul_progcom/ul_kfo10/blockchain-sim-tse-2026/trilemma/result_selfishmining/result_run_44.json

▶ Run 45 | config_id=108
   Using model: /pfs/data6/home/ul/ul_progcom/ul_kfo10/blockchain-sim-tse-2026/trilemma/org.palladiosimulator.blockchainsystems.trilemma/testmodels/threesim-108/Net.blockchainsystem
   Monte-Carlo rounds = 500
simulation started with 500 round(s)
Selfish mining attack Montecarlo Simulation result: {"attackerWonRounds":0,"systemWonRounds":0,"unambiguousRounds":0,"roundResults":[]}
✔ Result saved: /pfs/data6/home/ul/ul_progcom/ul_kfo10/blockchain-sim-tse-2026/trilemma/result_selfishmining/result_run_45.json

▶ Run 46 | config_id=109
   Using model: /pfs/data6/home/ul/ul_progcom/ul_kfo10/blockchain-sim-tse-2026/trilemma/org.palladiosimulator.blockchainsystems.trilemma/testmodels/threesim-109/Net.blockchainsystem
   Monte-Carlo rounds = 500
simulation started with 500 round(s)
Selfish mining attack Montecarlo Simulation result: {"attackerWonRounds":0,"systemWonRounds":0,"unambiguousRounds":0,"roundResults":[]}
✔ Result saved: /pfs/data6/home/ul/ul_progcom/ul_kfo10/blockchain-sim-tse-2026/trilemma/result_selfishmining/result_run_46.json

▶ Run 47 | config_id=110
   Using model: /pfs/data6/home/ul/ul_progcom/ul_kfo10/blockchain-sim-tse-2026/trilemma/org.palladiosimulator.blockchainsystems.trilemma/testmodels/threesim-110/Net.blockchainsystem
   Monte-Carlo rounds = 500

============================= JOB FEEDBACK =============================

NodeName=uc3n087
Job ID: 4891809
Cluster: uc3
User/Group: ul_kfo10/ul_progcom
State: CANCELLED (exit code 0)
Nodes: 1
Cores per node: 48
CPU Utilized: 00:00:00
CPU Efficiency: 0.00% of 98-17:22:24 core-walltime
Job Wall-clock time: 2-01:21:43
Memory Utilized: 493.27 GB
Memory Efficiency: 87.04% of 566.72 GB (11.81 GB/core)
