✔ Simulator initialized
CSV: /pfs/data6/home/ul/ul_progcom/ul_kfo10/blockchain-sim-tse-2026/trilemma/org.palladiosimulator.blockchainsystems.trilemma/optimized_deterministic_lhs_configurations.csv
testmodels/: /pfs/data6/home/ul/ul_progcom/ul_kfo10/blockchain-sim-tse-2026/trilemma/org.palladiosimulator.blockchainsystems.trilemma/testmodels
Base config: /pfs/data6/home/ul/ul_progcom/ul_kfo10/blockchain-sim-tse-2026/trilemma/org.palladiosimulator.blockchainsystems.trilemma/testmodels/configuration.json

▶ Run 1 | config_id=110
   Using model: /pfs/data6/home/ul/ul_progcom/ul_kfo10/blockchain-sim-tse-2026/trilemma/org.palladiosimulator.blockchainsystems.trilemma/testmodels/threesim-110/Net.blockchainsystem
   Monte-Carlo rounds = 500
Running Monte-Carlo Simulation with 500 simulation round(s)
Monte-Carlo Simulation finished
✔ Result saved: /pfs/data6/home/ul/ul_progcom/ul_kfo10/blockchain-sim-tse-2026/trilemma/indiv_json/result_run_1.json

▶ Run 2 | config_id=111
   Using model: /pfs/data6/home/ul/ul_progcom/ul_kfo10/blockchain-sim-tse-2026/trilemma/org.palladiosimulator.blockchainsystems.trilemma/testmodels/threesim-111/Net.blockchainsystem
   Monte-Carlo rounds = 500
Running Monte-Carlo Simulation with 500 simulation round(s)
Monte-Carlo Simulation finished
✔ Result saved: /pfs/data6/home/ul/ul_progcom/ul_kfo10/blockchain-sim-tse-2026/trilemma/indiv_json/result_run_2.json

▶ Run 3 | config_id=112
   Using model: /pfs/data6/home/ul/ul_progcom/ul_kfo10/blockchain-sim-tse-2026/trilemma/org.palladiosimulator.blockchainsystems.trilemma/testmodels/threesim-112/Net.blockchainsystem
   Monte-Carlo rounds = 500
Running Monte-Carlo Simulation with 500 simulation round(s)
Monte-Carlo Simulation finished
✔ Result saved: /pfs/data6/home/ul/ul_progcom/ul_kfo10/blockchain-sim-tse-2026/trilemma/indiv_json/result_run_3.json

▶ Run 4 | config_id=113
   Using model: /pfs/data6/home/ul/ul_progcom/ul_kfo10/blockchain-sim-tse-2026/trilemma/org.palladiosimulator.blockchainsystems.trilemma/testmodels/threesim-113/Net.blockchainsystem
   Monte-Carlo rounds = 500
Running Monte-Carlo Simulation with 500 simulation round(s)
Monte-Carlo Simulation finished
✔ Result saved: /pfs/data6/home/ul/ul_progcom/ul_kfo10/blockchain-sim-tse-2026/trilemma/indiv_json/result_run_4.json

▶ Run 5 | config_id=114
   Using model: /pfs/data6/home/ul/ul_progcom/ul_kfo10/blockchain-sim-tse-2026/trilemma/org.palladiosimulator.blockchainsystems.trilemma/testmodels/threesim-114/Net.blockchainsystem
   Monte-Carlo rounds = 500
Running Monte-Carlo Simulation with 500 simulation round(s)
Monte-Carlo Simulation finished
✔ Result saved: /pfs/data6/home/ul/ul_progcom/ul_kfo10/blockchain-sim-tse-2026/trilemma/indiv_json/result_run_5.json

▶ Run 6 | config_id=115
   Using model: /pfs/data6/home/ul/ul_progcom/ul_kfo10/blockchain-sim-tse-2026/trilemma/org.palladiosimulator.blockchainsystems.trilemma/testmodels/threesim-115/Net.blockchainsystem
   Monte-Carlo rounds = 500
Running Monte-Carlo Simulation with 500 simulation round(s)
Monte-Carlo Simulation finished
✔ Result saved: /pfs/data6/home/ul/ul_progcom/ul_kfo10/blockchain-sim-tse-2026/trilemma/indiv_json/result_run_6.json

▶ Run 7 | config_id=116
   Using model: /pfs/data6/home/ul/ul_progcom/ul_kfo10/blockchain-sim-tse-2026/trilemma/org.palladiosimulator.blockchainsystems.trilemma/testmodels/threesim-116/Net.blockchainsystem
   Monte-Carlo rounds = 500
Running Monte-Carlo Simulation with 500 simulation round(s)
Monte-Carlo Simulation finished
✔ Result saved: /pfs/data6/home/ul/ul_progcom/ul_kfo10/blockchain-sim-tse-2026/trilemma/indiv_json/result_run_7.json

▶ Run 8 | config_id=117
   Using model: /pfs/data6/home/ul/ul_progcom/ul_kfo10/blockchain-sim-tse-2026/trilemma/org.palladiosimulator.blockchainsystems.trilemma/testmodels/threesim-117/Net.blockchainsystem
   Monte-Carlo rounds = 500
Running Monte-Carlo Simulation with 500 simulation round(s)

============================= JOB FEEDBACK =============================

NodeName=uc3n084
Job ID: 4940658
Cluster: uc3
User/Group: ul_kfo10/ul_progcom
State: OUT_OF_MEMORY (exit code 0)
Nodes: 1
Cores per node: 48
CPU Utilized: 18-22:45:29
CPU Efficiency: 95.62% of 19-19:34:24 core-walltime
Job Wall-clock time: 09:54:28
Memory Utilized: 562.75 GB
Memory Efficiency: 99.30% of 566.72 GB (11.81 GB/core)
